\BOOKMARK [1][-]{section.1}{\376\377\0001\000\040\225\356\230\230\221\315\217\360}{}% 1
\BOOKMARK [2][-]{subsection.1.1}{\376\377\0001\000.\0001\000\040\225\356\230\230\200\314\146\157}{section.1}% 2
\BOOKMARK [1][-]{section.2}{\376\377\0002\000\040\225\356\230\230\122\006\147\220}{}% 3
\BOOKMARK [2][-]{subsection.2.1}{\376\377\0002\000.\0001\000\040\140\073\117\123\122\006\147\220}{section.2}% 4
\BOOKMARK [2][-]{subsection.2.2}{\376\377\0002\000.\0002\000\040\124\004\225\356\230\230\154\102\211\343\140\035\215\357}{section.2}% 5
\BOOKMARK [1][-]{section.3}{\376\377\0003\000\040\152\041\127\213\120\107\213\276\116\016\173\046\123\367\213\364\146\016}{}% 6
\BOOKMARK [2][-]{subsection.3.1}{\376\377\0003\000.\0001\000\040\127\372\147\054\120\107\213\276}{section.3}% 7
\BOOKMARK [2][-]{subsection.3.2}{\376\377\0003\000.\0002\000\040\173\046\123\367\213\364\146\016}{section.3}% 8
\BOOKMARK [1][-]{section.4}{\376\377\0004\000\040\145\160\143\156\133\241\213\241\116\016\213\301\143\156\122\006\134\102}{}% 9
\BOOKMARK [2][-]{subsection.4.1}{\376\377\0004\000.\0001\000\040\145\366\225\364\217\336\176\355\140\047\060\001\177\072\131\061\116\016\165\221\117\074\221\317\172\013\134\001\230\166}{section.4}% 10
\BOOKMARK [2][-]{subsection.4.2}{\376\377\0004\000.\0002\000\040\122\040\131\061\153\143\140\001\217\320\210\114\160\271\117\060\213\241}{section.4}% 11
\BOOKMARK [2][-]{subsection.4.3}{\376\377\0004\000.\0003\000\040\225\355\163\257\120\117\135\356\116\016\213\301\143\156\173\111\176\247}{section.4}% 12
\BOOKMARK [1][-]{section.5}{\376\377\0005\000\040\152\041\127\213\136\372\172\313}{}% 13
\BOOKMARK [2][-]{subsection.5.1}{\376\377\0005\000.\0001\000\040\123\363\122\040\131\061\162\151\164\006\117\341\140\157\143\222\145\076\145\160\133\127\133\152\165\037}{section.5}% 14
\BOOKMARK [3][-]{subsubsection.5.1.1}{\376\377\0005\000.\0001\000.\0001\000\040\000D\000e\000u\000t\000s\000c\000h\040\023\000A\000n\000d\000e\000r\000s\000o\000n\000\040\172\177\220\017\232\250\147\266}{subsection.5.1}% 15
\BOOKMARK [3][-]{subsubsection.5.1.2}{\376\377\0005\000.\0001\000.\0002\000\040\156\051\136\246\060\001\171\357\160\160\116\016\143\057\142\123\117\356\153\143}{subsection.5.1}% 16
\BOOKMARK [3][-]{subsubsection.5.1.3}{\376\377\0005\000.\0001\000.\0003\000\040\116\015\170\156\133\232\140\047\117\040\144\255}{subsection.5.1}% 17
\BOOKMARK [2][-]{subsection.5.2}{\376\377\0005\000.\0002\000\040\145\366\225\364\153\143\122\031\123\026\121\170\127\213\135\345\121\265\122\022\127\372\116\216\000G\000M\000M\116\016\000V\000i\000t\000e\000r\000b\000i\166\204\121\170\127\213\135\345\121\265\122\022\122\006}{section.5}% 18
\BOOKMARK [2][-]{subsection.5.3}{\376\377\0005\000.\0003\000\040\200\375\200\027\116\343\164\006\152\041\127\213}{section.5}% 19
\BOOKMARK [2][-]{subsection.5.4}{\376\377\0005\000.\0004\000\040\116\044\153\145\146\172\200\375\173\227\154\325\123\117\124\014\117\030\123\026}{section.5}% 20
\BOOKMARK [2][-]{subsection.5.5}{\376\377\0005\000.\0005\000\040\214\003\202\202\117\030\121\110\176\247\143\007\150\007}{section.5}% 21
\BOOKMARK [1][-]{section.6}{\376\377\0006\000\040\225\356\230\230\116\000\377\032\126\340\175\040\121\163\174\373\116\016\143\057\142\123\134\360\120\074}{}% 22
\BOOKMARK [2][-]{subsection.6.1}{\376\377\0006\000.\0001\000\040\121\145\123\343\147\141\116\366\116\016\144\315\117\134\123\302\145\160\166\204\117\134\165\050\121\163\174\373}{section.6}% 23
\BOOKMARK [2][-]{subsection.6.2}{\376\377\0006\000.\0002\000\040\143\057\142\123\124\150\147\037\116\016\167\254\145\366\134\360\120\074}{section.6}% 24
\BOOKMARK [2][-]{subsection.6.3}{\376\377\0006\000.\0003\000\040\225\356\230\230\116\000\176\323\213\272\166\204\123\357\117\341\203\003\126\364}{section.6}% 25
\BOOKMARK [1][-]{section.7}{\376\377\0007\000\040\225\356\230\230\116\214\377\032\121\170\127\213\135\345\121\265\116\016\147\000\117\116\165\065\200\027\173\126\165\145}{}% 26
\BOOKMARK [2][-]{subsection.7.1}{\376\377\0007\000.\0001\000\040\135\345\121\265\145\160\220\011\142\351\116\016\145\366\136\217\122\006\122\162\176\323\147\234}{section.7}% 27
\BOOKMARK [2][-]{subsection.7.2}{\376\377\0007\000.\0002\000\040\140\073\122\237\163\207\152\041\127\213\142\337\124\010\116\016\145\366\136\217\232\214\213\301}{section.7}% 28
\BOOKMARK [2][-]{subsection.7.3}{\376\377\0007\000.\0003\000\040\0001\0000\000\040\000m\000g\000/\000N\000m\0003\000\040\116\013\166\204\147\000\117\116\122\237\163\207\176\304\124\010}{section.7}% 29
\BOOKMARK [1][-]{section.8}{\376\377\0008\000\040\225\356\230\230\116\011\377\032\116\044\171\315\116\343\210\150\135\345\121\265\173\126\165\145\116\016\214\003\202\202\117\030\121\110\176\247}{}% 30
\BOOKMARK [2][-]{subsection.8.1}{\376\377\0008\000.\0001\000\040\116\343\210\150\135\345\121\265\220\011\142\351}{section.8}% 31
\BOOKMARK [2][-]{subsection.8.2}{\376\377\0008\000.\0002\000\040\173\126\165\145\123\302\145\160\210\150}{section.8}% 32
\BOOKMARK [2][-]{subsection.8.3}{\376\377\0008\000.\0003\000\040\217\271\226\105\145\066\166\312\116\016\117\030\121\110\176\247\122\007\143\142}{section.8}% 33
\BOOKMARK [2][-]{subsection.8.4}{\376\377\0008\000.\0004\000\040\163\260\127\072\122\007\143\142\220\073\217\221}{section.8}% 34
\BOOKMARK [1][-]{section.9}{\376\377\0009\000\040\225\356\230\230\126\333\377\032\226\120\120\074\165\061\000\040\0001\0000\000\040\226\115\201\363\000\040\0005\000\040\166\204\165\065\200\027\130\236\136\105}{}% 35
\BOOKMARK [2][-]{subsection.9.1}{\376\377\0009\000.\0001\000\040\121\110\120\132\123\357\210\114\140\047\122\044\145\255}{section.9}% 36
\BOOKMARK [2][-]{subsection.9.2}{\376\377\0009\000.\0002\000\040\124\004\135\345\121\265\165\065\200\027\130\236\136\105}{section.9}% 37
\BOOKMARK [2][-]{subsection.9.3}{\376\377\0009\000.\0003\000\040\130\236\221\317\122\237\163\207\137\122\126\340}{section.9}% 38
\BOOKMARK [2][-]{subsection.9.4}{\376\377\0009\000.\0004\000\040\232\330\155\123\136\246\135\345\121\265\136\224\133\371\136\372\213\256}{section.9}% 39
\BOOKMARK [1][-]{section.10}{\376\377\0001\0000\000\040\152\041\127\213\150\300\232\214\060\001\172\063\120\145\140\047\116\016\134\100\226\120\140\047}{}% 40
\BOOKMARK [2][-]{subsection.10.1}{\376\377\0001\0000\000.\0001\000\040\122\006\134\102\232\214\213\301\213\276\213\241}{section.10}% 41
\BOOKMARK [2][-]{subsection.10.2}{\376\377\0001\0000\000.\0002\000\040\152\041\127\213\117\030\160\271}{section.10}% 42
\BOOKMARK [2][-]{subsection.10.3}{\376\377\0001\0000\000.\0003\000\040\134\100\226\120\116\016\145\071\217\333\145\271\124\021}{section.10}% 43
\BOOKMARK [2][-]{subsection.10.4}{\376\377\0001\0000\000.\0004\000\040\116\012\176\277\122\115\147\000\134\017\150\007\133\232\213\325\232\214}{section.10}% 44
\BOOKMARK [1][-]{section.11}{\376\377\0001\0001\000\040\176\323\213\272}{}% 45
\BOOKMARK [1][-]{appendix.A}{\376\377\000A\000\040\133\214\145\164\123\302\145\160\116\016\131\015\163\260\213\364\146\016}{}% 46
\BOOKMARK [2][-]{subsection.A.1}{\376\377\000A\000.\0001\000\040\147\141\116\366\000\040\0005\000\040\000m\000g\000/\000N\000m\0003\000\040\166\204\133\214\145\164\123\302\145\160\210\150}{appendix.A}% 47
\BOOKMARK [2][-]{subsection.A.2}{\376\377\000A\000.\0002\000\040\152\041\127\213\123\302\200\003\160\271\116\016\116\015\170\156\133\232\140\047\213\276\177\156}{appendix.A}% 48
\BOOKMARK [2][-]{subsection.A.3}{\376\377\000A\000.\0003\000\040\116\000\225\056\131\015\163\260\155\101\172\013}{appendix.A}% 49
\BOOKMARK [2][-]{subsection.A.4}{\376\377\000A\000.\0004\000\040\163\260\127\072\220\350\177\162\150\300\147\345\210\150}{appendix.A}% 50
